{
  _type: 'element',
  tags: null,
  links: null,
  viewOf: 'omegon.host',
  _stage: 'layouted',
  sourcePath: 'context.c4',
  description: null,
  title: 'Omegon host — Components',
  id: 'hostComponents',
  autoLayout: {
    direction: 'LR',
  },
  hash: 'anO5WDXZZ8DXORP_VJC9cG-2H2R4pwjipH5vFibvVH4',
  bounds: {
    x: 432,
    y: -320,
    width: 2228,
    height: 1300,
  },
  nodes: [
    {
      id: 'omegon.host',
      parent: null,
      level: 0,
      children: [
        'omegon.host.interfaces',
        'omegon.host.orchestration',
        'omegon.host.context',
        'omegon.host.inference',
        'omegon.host.tools',
        'omegon.host.memory',
        'omegon.host.lifecycle',
        'omegon.host.extensions',
        'omegon.host.mcp',
      ],
      inEdges: [],
      outEdges: [],
      title: 'Omegon host',
      modelRef: 'omegon.host',
      shape: 'rectangle',
      color: 'primary',
      style: {
        opacity: 15,
        size: 'md',
      },
      description: {
        txt: 'Common runtime for sessions, the agent loop, tool and provider integrations, adapters, and supervision.',
      },
      tags: [],
      technology: 'Rust',
      kind: 'application',
      depth: 1,
      x: 452,
      y: -300,
      width: 2188,
      height: 1260,
      labelBBox: {
        x: 6,
        y: 0,
        width: 88,
        height: 15,
      },
      navigateTo: null,
      links: null,
    },
    {
      id: 'omegon.host.interfaces',
      parent: 'omegon.host',
      level: 1,
      children: [],
      inEdges: [
        '1druu6v',
      ],
      outEdges: [
        '1ajwppj',
      ],
      title: 'Operator interfaces',
      modelRef: 'omegon.host.interfaces',
      shape: 'rectangle',
      color: 'primary',
      style: {
        opacity: 15,
        size: 'md',
      },
      description: {
        txt: 'Adapts native and ACP prompts, commands, approvals, and progress.',
      },
      tags: [],
      kind: 'component',
      x: 494,
      y: 641,
      width: 339,
      height: 180,
      labelBBox: {
        x: 18,
        y: 56,
        width: 303,
        height: 65,
      },
      navigateTo: null,
      links: null,
    },
    {
      id: 'omegon.host.orchestration',
      parent: 'omegon.host',
      level: 1,
      children: [],
      inEdges: [
        '1ajwppj',
      ],
      outEdges: [
        '18j6wdq',
        'a9fep6',
        '1rbr1ve',
      ],
      title: 'Session orchestration',
      modelRef: 'omegon.host.orchestration',
      shape: 'rectangle',
      color: 'primary',
      style: {
        opacity: 15,
        size: 'md',
      },
      description: {
        txt: 'Supervises session work and drives the inference-tool cycle.',
      },
      tags: [],
      kind: 'component',
      x: 502,
      y: 66,
      width: 320,
      height: 180,
      labelBBox: {
        x: 26,
        y: 56,
        width: 267,
        height: 65,
      },
      navigateTo: null,
      links: null,
    },
    {
      id: 'omegon.host.context',
      parent: 'omegon.host',
      level: 1,
      children: [],
      inEdges: [
        '18j6wdq',
      ],
      outEdges: [
        '38t62c',
        't7ntqb',
        '1pkx6h7',
      ],
      title: 'Context assembly',
      modelRef: 'omegon.host.context',
      shape: 'rectangle',
      color: 'primary',
      style: {
        opacity: 15,
        size: 'md',
      },
      description: {
        txt: 'Builds per-turn instructions, conversation history, and contributed context.',
      },
      tags: [],
      kind: 'component',
      x: 1427,
      y: 69,
      width: 320,
      height: 180,
      labelBBox: {
        x: 22,
        y: 56,
        width: 275,
        height: 65,
      },
      navigateTo: null,
      links: null,
    },
    {
      id: 'omegon.host.inference',
      parent: 'omegon.host',
      level: 1,
      children: [],
      inEdges: [
        'a9fep6',
        '16bz6b4',
      ],
      outEdges: [],
      title: 'Inference gateway',
      modelRef: 'omegon.host.inference',
      shape: 'rectangle',
      color: 'primary',
      style: {
        opacity: 15,
        size: 'md',
      },
      description: {
        txt: 'Resolves the provider and model route and normalizes response streams.',
      },
      tags: [],
      kind: 'component',
      x: 1424,
      y: 359,
      width: 326,
      height: 180,
      labelBBox: {
        x: 17,
        y: 56,
        width: 291,
        height: 65,
      },
      navigateTo: null,
      links: null,
    },
    {
      id: 'omegon.host.tools',
      parent: 'omegon.host',
      level: 1,
      children: [],
      inEdges: [
        '1rbr1ve',
      ],
      outEdges: [
        '1druu6v',
        '124xa8w',
        '1vfmvfb',
        '1f4x4ff',
        '10ab5gf',
      ],
      title: 'Tool execution and policy',
      modelRef: 'omegon.host.tools',
      shape: 'rectangle',
      color: 'primary',
      style: {
        opacity: 15,
        size: 'md',
      },
      description: {
        txt: 'Admits tool calls through permissions and approvals, executes them, and returns results.',
      },
      tags: [],
      kind: 'component',
      x: 1427,
      y: 649,
      width: 320,
      height: 180,
      labelBBox: {
        x: 19,
        y: 47,
        width: 281,
        height: 83,
      },
      navigateTo: null,
      links: null,
    },
    {
      id: 'omegon.host.memory',
      parent: 'omegon.host',
      level: 1,
      children: [],
      inEdges: [
        '38t62c',
        '124xa8w',
      ],
      outEdges: ['16bz6b4'],
      title: 'Project memory',
      modelRef: 'omegon.host.memory',
      shape: 'rectangle',
      color: 'primary',
      style: {
        opacity: 15,
        size: 'md',
      },
      description: {
        txt: 'Recalls and maintains retained project knowledge and contributes relevant context.',
      },
      tags: [],
      kind: 'component',
      x: 2126,
      y: 359,
      width: 332,
      height: 180,
      labelBBox: {
        x: 17,
        y: 56,
        width: 297,
        height: 65,
      },
      navigateTo: null,
      links: null,
    },
    {
      id: 'omegon.host.lifecycle',
      parent: 'omegon.host',
      level: 1,
      children: [],
      inEdges: [
        't7ntqb',
        '1vfmvfb',
      ],
      outEdges: [],
      title: 'Design and change lifecycle',
      modelRef: 'omegon.host.lifecycle',
      shape: 'rectangle',
      color: 'primary',
      style: {
        opacity: 15,
        size: 'md',
      },
      description: {
        txt: 'Manages project design and specification transitions and contributes active-work context.',
      },
      tags: [],
      kind: 'component',
      x: 2132,
      y: 69,
      width: 320,
      height: 180,
      labelBBox: {
        x: 20,
        y: 47,
        width: 279,
        height: 83,
      },
      navigateTo: null,
      links: null,
    },
    {
      id: 'omegon.host.extensions',
      parent: 'omegon.host',
      level: 1,
      children: [],
      inEdges: [
        '1f4x4ff',
      ],
      outEdges: [],
      title: 'Extension integration',
      modelRef: 'omegon.host.extensions',
      shape: 'rectangle',
      color: 'primary',
      style: {
        opacity: 15,
        size: 'md',
      },
      description: {
        txt: 'Adapts native extension capabilities and supervises extension processes and RPC.',
      },
      tags: [],
      kind: 'component',
      x: 2131,
      y: 649,
      width: 321,
      height: 180,
      labelBBox: {
        x: 18,
        y: 56,
        width: 286,
        height: 65,
      },
      navigateTo: null,
      links: null,
    },
    {
      id: 'omegon.host.mcp',
      parent: 'omegon.host',
      level: 1,
      children: [],
      inEdges: ['1pkx6h7', '10ab5gf'],
      outEdges: [],
      title: 'MCP integration',
      modelRef: 'omegon.host.mcp',
      shape: 'rectangle',
      color: 'primary',
      style: { opacity: 15, size: 'md' },
      description: {
        txt: 'Discovers and adapts MCP tools, resources, and prompts; manages server connections.',
      },
      tags: [],
      kind: 'component',
      x: 2131,
      y: -240,
      width: 336,
      height: 180,
      labelBBox: { x: 18, y: 56, width: 300, height: 65 },
      navigateTo: null,
      links: null,
    },
  ],
  edges: [
    {
      id: '16bz6b4',
      parent: 'omegon.host',
      source: 'omegon.host.memory',
      target: 'omegon.host.inference',
      label: 'Requests bounded memory extraction',
      relations: ['6rcecz'],
      color: 'secondary',
      line: 'solid',
      head: 'vee',
      points: [[2126, 449], [2020, 449], [1870, 449], [1760, 449]],
      labelBBox: { x: 1790, y: 418, width: 250, height: 18 },
      isLabelCustomized: false,
      controlPoints: null,
      navigateTo: null,
      tags: null,
    },
    {
      id: '1pkx6h7',
      parent: 'omegon.host',
      source: 'omegon.host.context',
      target: 'omegon.host.mcp',
      label: 'Collects MCP resource and prompt context',
      relations: ['1gjvd4w'],
      color: 'secondary',
      line: 'solid',
      head: 'vee',
      points: [[1690, 69], [1810, -60], [1950, -150], [2121, -150]],
      labelBBox: { x: 1805, y: -115, width: 271, height: 18 },
      isLabelCustomized: false,
      controlPoints: null,
      navigateTo: null,
      tags: null,
    },
    {
      id: '10ab5gf',
      parent: 'omegon.host',
      source: 'omegon.host.tools',
      target: 'omegon.host.mcp',
      label: 'Invokes discovered MCP tools',
      relations: ['y71cpj'],
      color: 'secondary',
      line: 'solid',
      head: 'vee',
      points: [[1587, 829], [1587, 890], [1680, 920], [1780, 920], [2020, 920], [2570, 920], [2570, 820], [2570, 480], [2570, -150], [2477, -150]],
      labelBBox: { x: 1810, y: 894, width: 192, height: 18 },
      isLabelCustomized: false,
      controlPoints: null,
      navigateTo: null,
      tags: null,
    },
    {
      id: '1ajwppj',
      parent: 'omegon.host',
      source: 'omegon.host.interfaces',
      target: 'omegon.host.orchestration',
      label: 'Submits and cancels work; observes \nprogress',
      relations: [
        '2wwgrs',
      ],
      color: 'secondary',
      line: 'solid',
      head: 'vee',
      points: [
        [
          662,
          588,
        ],
        [
          661,
          498,
        ],
        [
          662,
          386,
        ],
        [
          661,
          297,
        ],
      ],
      labelBBox: {
        x: 598,
        y: 410,
        width: 231,
        height: 35,
      },
      isLabelCustomized: false,
      controlPoints: [
        {
          x: 661,
          y: 459,
        },
      ],
      navigateTo: null,
      tags: null,
    },
    {
      id: '18j6wdq',
      parent: 'omegon.host',
      source: 'omegon.host.orchestration',
      target: 'omegon.host.context',
      label: 'Assembles the next turn\'s context',
      relations: [
        '1p0y2ln',
      ],
      color: 'secondary',
      line: 'solid',
      head: 'vee',
      points: [
        [
          876,
          155,
        ],
        [
          1020,
          156,
        ],
        [
          1211,
          156,
        ],
        [
          1358,
          157,
        ],
      ],
      labelBBox: {
        x: 992,
        y: 56,
        width: 213,
        height: 18,
      },
      isLabelCustomized: false,
      controlPoints: [
        {
          x: 1155,
          y: 156,
        },
      ],
      navigateTo: null,
      tags: null,
    },
    {
      id: 'a9fep6',
      parent: 'omegon.host',
      source: 'omegon.host.orchestration',
      target: 'omegon.host.inference',
      label: 'Requests streamed model responses',
      relations: [
        'suuf1q',
      ],
      color: 'secondary',
      line: 'solid',
      head: 'vee',
      points: [
        [
          876,
          222,
        ],
        [
          1018,
          267,
        ],
        [
          1206,
          327,
        ],
        [
          1353,
          374,
        ],
      ],
      labelBBox: {
        x: 961,
        y: 221,
        width: 236,
        height: 18,
      },
      isLabelCustomized: false,
      controlPoints: [
        {
          x: 1010,
          y: 265,
        },
      ],
      navigateTo: null,
      tags: null,
    },
    {
      id: '1rbr1ve',
      parent: 'omegon.host',
      source: 'omegon.host.orchestration',
      target: 'omegon.host.tools',
      label: 'Dispatches model-requested tool calls',
      relations: [
        'eynw59',
      ],
      color: 'secondary',
      line: 'solid',
      head: 'vee',
      points: [
        [
          876,
          290,
        ],
        [
          1019,
          381,
        ],
        [
          1211,
          502,
        ],
        [
          1358,
          594,
        ],
      ],
      labelBBox: {
        x: 956,
        y: 318,
        width: 241,
        height: 18,
      },
      isLabelCustomized: false,
      controlPoints: [
        {
          x: 1116,
          y: 441,
        },
      ],
      navigateTo: null,
      tags: null,
    },
    {
      id: '1druu6v',
      parent: 'omegon.host',
      source: 'omegon.host.tools',
      target: 'omegon.host.interfaces',
      label: 'Requests operator approval when required',
      relations: [
        '10l8ljl',
      ],
      color: 'secondary',
      line: 'solid',
      head: 'vee',
      points: [
        [
          1479,
          738,
        ],
        [
          1305,
          736,
        ],
        [
          965,
          733,
        ],
        [
          784,
          731,
        ],
      ],
      labelBBox: {
        x: 1033,
        y: 710,
        width: 269,
        height: 18,
      },
      isLabelCustomized: false,
      controlPoints: [
        {
          x: 946,
          y: 733,
        },
      ],
      navigateTo: null,
      tags: null,
    },
    {
      id: '38t62c',
      parent: 'omegon.host',
      source: 'omegon.host.context',
      target: 'omegon.host.memory',
      label: 'Requests relevant retained knowledge',
      relations: [
        '9nrqk6',
      ],
      color: 'secondary',
      line: 'solid',
      head: 'vee',
      points: [
        [
          1746,
          224,
        ],
        [
          1856,
          270,
        ],
        [
          2003,
          330,
        ],
        [
          2116,
          377,
        ],
      ],
      labelBBox: {
        x: 1817,
        y: 231,
        width: 242,
        height: 18,
      },
      isLabelCustomized: false,
      controlPoints: null,
      navigateTo: null,
      tags: null,
    },
    {
      id: '124xa8w',
      parent: 'omegon.host',
      source: 'omegon.host.tools',
      target: 'omegon.host.memory',
      label: 'Executes memory operations',
      relations: [
        '1e3qwox',
      ],
      color: 'secondary',
      line: 'solid',
      head: 'vee',
      points: [
        [
          1747,
          702,
        ],
        [
          1841,
          677,
        ],
        [
          1963,
          640,
        ],
        [
          2065,
          593,
        ],
        [
          2095,
          579,
        ],
        [
          2126,
          562,
        ],
        [
          2155,
          544,
        ],
      ],
      labelBBox: {
        x: 1845,
        y: 571,
        width: 185,
        height: 18,
      },
      isLabelCustomized: false,
      controlPoints: null,
      navigateTo: null,
      tags: null,
    },
    {
      id: 't7ntqb',
      parent: 'omegon.host',
      source: 'omegon.host.context',
      target: 'omegon.host.lifecycle',
      label: 'Requests focused design and \nactive-change context',
      relations: [
        '12zv7pq',
      ],
      color: 'secondary',
      line: 'solid',
      head: 'vee',
      points: [
        [
          1746,
          159,
        ],
        [
          1858,
          159,
        ],
        [
          2008,
          159,
        ],
        [
          2122,
          159,
        ],
      ],
      labelBBox: {
        x: 1843,
        y: 120,
        width: 188,
        height: 35,
      },
      isLabelCustomized: false,
      controlPoints: null,
      navigateTo: null,
      tags: null,
    },
    {
      id: '1vfmvfb',
      parent: 'omegon.host',
      source: 'omegon.host.tools',
      target: 'omegon.host.lifecycle',
      label: 'Executes design and change operations',
      relations: [
        '1pkhef',
      ],
      color: 'secondary',
      line: 'solid',
      head: 'vee',
      points: [
        [
          1687,
          649,
        ],
        [
          1724,
          617,
        ],
        [
          1768,
          581,
        ],
        [
          1810,
          552,
        ],
        [
          1917,
          477,
        ],
        [
          1972,
          497,
        ],
        [
          2065,
          405,
        ],
        [
          2102,
          368,
        ],
        [
          2092,
          344,
        ],
        [
          2125,
          304,
        ],
        [
          2139,
          287,
        ],
        [
          2155,
          271,
        ],
        [
          2171,
          255,
        ],
      ],
      labelBBox: {
        x: 1811,
        y: 383,
        width: 253,
        height: 18,
      },
      isLabelCustomized: false,
      controlPoints: null,
      navigateTo: null,
      tags: null,
    },
    {
      id: '1f4x4ff',
      parent: 'omegon.host',
      source: 'omegon.host.tools',
      target: 'omegon.host.extensions',
      label: 'Invokes extension-owned tools',
      relations: [
        'xllv0o',
      ],
      color: 'secondary',
      line: 'solid',
      head: 'vee',
      points: [
        [
          1746,
          739,
        ],
        [
          1858,
          739,
        ],
        [
          2007,
          739,
        ],
        [
          2121,
          739,
        ],
      ],
      labelBBox: {
        x: 1840,
        y: 717,
        width: 195,
        height: 18,
      },
      isLabelCustomized: false,
      controlPoints: null,
      navigateTo: null,
      tags: null,
    },
  ],
  _layout: 'manual',
}
