---
source: crates/omegon/src/tui/snapshot_tests.rs
assertion_line: 550
expression: output
---

  Ω  Omegon

  ✓ Anthropic/Claude (oauth)
  ⚠ OpenAI API   (none)
  ✓ Ollama       1 model
  ✓ podman       5.3.1
  ✓ mcp          1/1 connected, 5 tools

  Git: unknown  Context: Standard  Thinking: High  Tier: B
  ⚙ Systems Engineer