---
source: crates/omegon/src/tui/snapshot_tests.rs
assertion_line: 496
expression: render_to_string(&terminal)
---
┌ tools ─────────────────────────────────┐
│▸ ⌕ cbase        350ms≋≋≋≋≋≋≋≋≋≋≋≋≋≋≋≋≋≋│
│▸ ▢ recall       220ms≋≋≋≋≋≋≋≋≋≋≋≋≋≋≋≋≋ │
│✗ ⌖ search       8.1s ≋≋≋≋≋≋≋≋≋≋≋≋≋≋≋≋≋ │
│  > sh          41.0s ≋≋≋≋≋≋≋≋≋≋≋≋≋≋≋≋≋ │
│                                        │
│                                        │
│                                        │
│  4/4 active                            │
└────────────────────────────────────────┘
