---
source: crates/omegon/src/tui/snapshot_tests.rs
expression: output
---

  Ω  Omegon

  ✓ Anthropic (Claude) (oauth)
  ⚠ OpenAI (ChatGPT) (none)
  ✓ Ollama       1 model
  ✓ podman       5.3.1
  ✓ mcp          1/1 connected, 5 tools

  Context: Maniple  Thinking: High  Tier: victory
  2440 facts, 45 episodes, 120 edges
  ⚙ Systems Engineer
