---
source: crates/omegon/src/tui/snapshot_tests.rs
expression: render_to_string(&terminal)
---
╭ context ───────────────────╮╭ model ─────────────────────╮╭ memory ────────────────────╮╭ system ────────────────────╮
│ ▐██████░░░░░░░░▌ 45% / 200 ││ ☁ claude-sonnet-4-6 · Mani ││ ⌗ 2400 · inj 120 · wm 8    ││ ⌂                          │
│                            ││ ○ api key                  ││                            ││ ⚙ 47                       │
│                            ││                            ││                            ││                            │
╰────────────────────────────╯╰────────────────────────────╯╰────────────────────────────╯╰────────────────────────────╯
