---
source: core/crates/omegon/src/tui/snapshot_tests.rs
assertion_line: 285
expression: render_to_string(&terminal)
---
╭ context ───────────────────╮╭ model ─────────────────────╮╭ memory ────────────────────╮╭ system ────────────────────╮
│ usage unavailable          ││ ☁  · Compact usage n/a     ││ ⌗ 0                        ││                           │
│                            ││  · ○ api key               ││                            ││                            │
│                            ││                            ││                            ││                            │
╰────────────────────────────╯╰────────────────────────────╯╰────────────────────────────╯╰────────────────────────────╯
