---
source: crates/omegon/src/tui/snapshot_tests.rs
expression: render_to_string(&terminal)
---
╭ context ───────────────────╮╭ model ─────────────────────╮╭ memory ────────────────────╮╭ system ────────────────────╮
│ ▐░░░░░░░░░░░░░░▌ 0%        ││ ☁  · Squad                 ││ ⌗ 0                        ││ ⌂                          │
│                            ││ ○ api key                  ││                            ││                            │
│                            ││                            ││                            ││                            │
╰────────────────────────────╯╰────────────────────────────╯╰────────────────────────────╯╰────────────────────────────╯
