---
source: crates/omegon/src/tui/snapshot_tests.rs
assertion_line: 322
expression: render_to_string(&terminal)
---
  engine                              ╭ inference ───────────────────────────────╮╭ tools ─────────────────────────────╮
  ⚡  Ollama (Local) · Maniple 68%/262 │           ╷  ╷    ╷   ╷    ╷·············││▸ ▫ recall       220ms≋≋≋≋≋≋≋≋≋≋≋≋≋≋│
  qwen3 ·  ○ api key · ⚙ Systems Engi │███████████│■■│▓▓▓▓│▆▆▆│░░░░│·············││✗ ⊕ search       8.1s ≋≋≋≋≋≋≋≋≋≋≋≋≋·│
  68% / 262k                          ├─ project ⌗24⠊⠉⠉⠉⠒⠒⠤⠤⠤⠤⠤⠤⠤⠤⠤⠤⠤⠤⠤⠤⠤⠤⠤⠤⠒⠒⠢⠤⣀││  ⌘ sh           1.2s ≋≋≋≋≋≋≋≋≋≋≋≋≋·│
  Victory · ◎ High · ◆ native         ├─ working ⌗8 ⠤⠤⠤⠤⠤⠤⠤⠤⠤⠤⠤⠤⠤⠤⠤⠤⠤⠤⠤⠤⠤⠤⠤⠤⠤⠤⠤⠤⠤││                                    │
  T·8 · ⚙ 23 · ↻ 2                    └─ episodes ⌗4⠤⠤⠤⠤⠤⠤⠤⠤⠤⠤⠤⠤⠤⠤⠤⠤⠤⠤⠤⠤⠤⠤⠤⠤⠤⠤⠤⠤⠤││                                    │
  v0.15.4-rc.2 → v0.15.4              │                                          ││                                    │
                                      │                                          ││                                    │
                                      │                                          ││                                    │
                                      │                                          ││                                    │
                                      │                                          ││  3/3 active                        │
                                      ╰──────────────────────────────────────────╯╰────────────────────────────────────╯
